{
  "role": "user",
  "content": [
    {
      "type": "text",
      "text": "This is the initial prompt."
    },
    {
      "type": "image_url",
      "image_url": {
        "url": "data:image/webp;base64,bW9ja19pbWFnZV9kYXRhICgxLCAxLCBUcnVlKQ=="
      }
    }
  ]
}
